<?xml version="1.0" encoding="UTF-8"?>
<TestRun id="ad623cc8-bb72-4e2e-be97-4027d6da5a92" name="Claudio@DEVMACHINE 2012-09-06 20:01:07" runUser="DEVMACHINE\Claudio" xmlns="http://microsoft.com/schemas/VisualStudio/TeamTest/2010">
  <TestSettings name="Local" id="a67dcb87-421c-4582-bdb9-a626606445b2">
    <Description>These are default test settings for a local test run.</Description>
    <Deployment enabled="false" runDeploymentRoot="Claudio_DEVMACHINE 2012-09-06 20_01_07">
      <DeploymentItem filename="C:\Users\Claudio\SkyDrive\Documents\Source\AutoImportacion\AutomobileInformation.BL\bin\Debug\AutomobileInformation.BL.dll" />
    </Deployment>
    <Execution>
      <TestTypeSpecific />
      <AgentRule name="Execution Agents">
      </AgentRule>
    </Execution>
  </TestSettings>
  <Times creation="2012-09-06T20:01:07.4414062-04:00" queuing="2012-09-06T20:01:08.7832031-04:00" start="2012-09-06T20:01:09.1044921-04:00" finish="2012-09-06T20:03:24.9648437-04:00" />
  <ResultSummary outcome="Error">
    <Counters total="1" executed="1" error="0" failed="0" timeout="0" aborted="1" inconclusive="0" passedButRunAborted="0" notRunnable="0" notExecuted="0" disconnected="0" warning="0" passed="0" completed="0" inProgress="0" pending="0" />
    <RunInfos>
      <RunInfo computerName="DEVMACHINE" outcome="Error" timestamp="2012-09-06T20:03:24.9638671-04:00">
        <Text>Test host process exited unexpectedly.</Text>
      </RunInfo>
    </RunInfos>
  </ResultSummary>
  <TestDefinitions>
    <UnitTest name="TestMethod1" storage="c:\users\claudio\skydrive\documents\source\autoimportacion\automobileinformation.bl.test\bin\debug\automobileinformation.bl.test.dll" id="6e0d2e6c-92a2-e64e-8212-5acdd6c712a2">
      <Execution id="19eff96e-bcf4-4ac4-8ab0-069a3c8affc2" />
      <TestMethod codeBase="C:/Users/Claudio/SkyDrive/Documents/Source/AutoImportacion/AutomobileInformation.BL.Test/bin/Debug/AutomobileInformation.BL.Test.DLL" adapterTypeName="Microsoft.VisualStudio.TestTools.TestTypes.Unit.UnitTestAdapter, Microsoft.VisualStudio.QualityTools.Tips.UnitTest.Adapter, Version=10.0.0.0, Culture=neutral, PublicKeyToken=b03f5f7f11d50a3a" className="AutomobileInformation.BL.Test.VehicleInformationNumberTests, AutomobileInformation.BL.Test, Version=1.0.0.0, Culture=neutral, PublicKeyToken=null" name="TestMethod1" />
    </UnitTest>
  </TestDefinitions>
  <TestLists>
    <TestList name="Results Not in a List" id="8c84fa94-04c1-424b-9868-57a2d4851a1d" />
    <TestList name="All Loaded Results" id="19431567-8539-422a-85d7-44ee4e166bda" />
  </TestLists>
  <TestEntries>
    <TestEntry testId="6e0d2e6c-92a2-e64e-8212-5acdd6c712a2" executionId="19eff96e-bcf4-4ac4-8ab0-069a3c8affc2" testListId="8c84fa94-04c1-424b-9868-57a2d4851a1d" />
  </TestEntries>
  <Results>
    <UnitTestResult executionId="19eff96e-bcf4-4ac4-8ab0-069a3c8affc2" testId="6e0d2e6c-92a2-e64e-8212-5acdd6c712a2" testName="TestMethod1" computerName="DEVMACHINE" duration="00:02:15.5595703" startTime="2012-09-06T20:01:09.4052734-04:00" endTime="2012-09-06T20:03:24.9648437-04:00" testType="13cdc9d9-ddb5-4fa4-a97d-d965ccfc6d4b" outcome="Aborted" testListId="8c84fa94-04c1-424b-9868-57a2d4851a1d" relativeResultsDirectory="19eff96e-bcf4-4ac4-8ab0-069a3c8affc2">
    </UnitTestResult>
  </Results>
</TestRun>